0:0:0:0:0:0:0:1 - - [17/Jan/2022:08:32:29 +0530] "GET /EmployeeService/ HTTP/1.1" 200 247
0:0:0:0:0:0:0:1 - - [17/Jan/2022:08:32:49 +0530] "GET /EmployeeService/webapi/employService HTTP/1.1" 200 659
127.0.0.1 - - [17/Jan/2022:08:56:56 +0530] "GET / HTTP/1.1" 404 751
0:0:0:0:0:0:0:1 - - [17/Jan/2022:08:56:57 +0530] "GET /AlienService/ HTTP/1.1" 200 247
0:0:0:0:0:0:0:1 - - [17/Jan/2022:08:57:19 +0530] "GET /AlienService/webapi/aliens HTTP/1.1" 200 177
127.0.0.1 - - [17/Jan/2022:09:35:24 +0530] "GET / HTTP/1.1" 404 751
0:0:0:0:0:0:0:1 - - [17/Jan/2022:09:35:25 +0530] "GET /AgentWebService/ HTTP/1.1" 200 247
0:0:0:0:0:0:0:1 - - [17/Jan/2022:09:35:55 +0530] "GET /AgentWebService/webapi/agentService HTTP/1.1" 500 6122
127.0.0.1 - - [17/Jan/2022:09:37:23 +0530] "GET / HTTP/1.1" 404 751
0:0:0:0:0:0:0:1 - - [17/Jan/2022:09:37:23 +0530] "GET /AgentWebService/ HTTP/1.1" 200 247
0:0:0:0:0:0:0:1 - - [17/Jan/2022:09:37:37 +0530] "GET /AgentWebService/webapi/agentService HTTP/1.1" 200 407
0:0:0:0:0:0:0:1 - - [17/Jan/2022:09:37:48 +0530] "GET /AgentWebService/webapi/agentService/8 HTTP/1.1" 200 102
127.0.0.1 - - [17/Jan/2022:09:45:43 +0530] "GET / HTTP/1.1" 404 751
0:0:0:0:0:0:0:1 - - [17/Jan/2022:09:45:43 +0530] "GET /AgentWebService/ HTTP/1.1" 200 247
0:0:0:0:0:0:0:1 - - [17/Jan/2022:09:45:51 +0530] "GET /AgentWebService/webapi/agentService HTTP/1.1" 200 694
0:0:0:0:0:0:0:1 - - [17/Jan/2022:09:57:01 +0530] "GET /AgentWebService/ HTTP/1.1" 200 247
0:0:0:0:0:0:0:1 - - [17/Jan/2022:09:57:11 +0530] "GET /AgentWebService/webapi/agentService/8 HTTP/1.1" 200 102
127.0.0.1 - - [17/Jan/2022:09:57:56 +0530] "GET / HTTP/1.1" 404 751
0:0:0:0:0:0:0:1 - - [17/Jan/2022:09:57:56 +0530] "GET /AgentWebService/ HTTP/1.1" 200 247
0:0:0:0:0:0:0:1 - - [17/Jan/2022:09:58:07 +0530] "GET /AgentWebService/webapi/agentService/8 HTTP/1.1" 200 212
127.0.0.1 - - [17/Jan/2022:10:20:35 +0530] "GET / HTTP/1.1" 404 751
0:0:0:0:0:0:0:1 - - [17/Jan/2022:10:20:36 +0530] "GET /AgentWebService/ HTTP/1.1" 200 247
0:0:0:0:0:0:0:1 - - [17/Jan/2022:11:42:52 +0530] "GET /RestExample2/ HTTP/1.1" 200 247
0:0:0:0:0:0:0:1 - - [17/Jan/2022:11:42:58 +0530] "GET /RestExample2/webapi/cal/sub/12/12 HTTP/1.1" 200 1
0:0:0:0:0:0:0:1 - - [17/Jan/2022:11:43:06 +0530] "GET /RestExample2/webapi/cal/sum/12/12 HTTP/1.1" 200 2
127.0.0.1 - - [17/Jan/2022:11:54:37 +0530] "GET / HTTP/1.1" 404 751
0:0:0:0:0:0:0:1 - - [17/Jan/2022:11:54:38 +0530] "GET /RestClientExample/calc.jsp HTTP/1.1" 200 421
0:0:0:0:0:0:0:1 - - [17/Jan/2022:11:56:09 +0530] "GET /RestClientExample/calc.jsp?firstNo=12&secondNo=12 HTTP/1.1" 500 2842
0:0:0:0:0:0:0:1 - - [17/Jan/2022:12:03:12 +0530] "GET /RestClientExample/calc.jsp HTTP/1.1" 200 421
127.0.0.1 - - [17/Jan/2022:12:03:17 +0530] "GET /RestExample2/webapi/cal/sum/12/12 HTTP/1.1" 200 2
0:0:0:0:0:0:0:1 - - [17/Jan/2022:12:03:17 +0530] "GET /RestClientExample/calc.jsp?firstNo=12&secondNo=12 HTTP/1.1" 200 434
0:0:0:0:0:0:0:1 - - [17/Jan/2022:12:06:00 +0530] "GET /RestClientExample/calc.jsp HTTP/1.1" 200 421
127.0.0.1 - - [17/Jan/2022:12:06:04 +0530] "GET /RestExample2/webapi/cal/sum/12/13 HTTP/1.1" 200 2
127.0.0.1 - - [17/Jan/2022:12:06:04 +0530] "GET /RestExample2/webapi/cal/sum/12/13 HTTP/1.1" 200 2
0:0:0:0:0:0:0:1 - - [17/Jan/2022:12:06:04 +0530] "GET /RestClientExample/calc.jsp?firstNo=12&secondNo=13 HTTP/1.1" 200 456
127.0.0.1 - - [17/Jan/2022:12:06:15 +0530] "GET /RestExample2/webapi/cal/sum/12/13 HTTP/1.1" 200 2
127.0.0.1 - - [17/Jan/2022:12:06:15 +0530] "GET /RestExample2/webapi/cal/sum/12/13 HTTP/1.1" 200 2
0:0:0:0:0:0:0:1 - - [17/Jan/2022:12:06:15 +0530] "GET /RestClientExample/calc.jsp?firstNo=12&secondNo=13 HTTP/1.1" 200 456
0:0:0:0:0:0:0:1 - - [17/Jan/2022:12:08:09 +0530] "GET /RestClientExample/calc.jsp HTTP/1.1" 200 421
127.0.0.1 - - [17/Jan/2022:12:08:13 +0530] "GET /RestExample2/webapi/cal/sum/12/14 HTTP/1.1" 200 2
127.0.0.1 - - [17/Jan/2022:12:08:13 +0530] "GET /RestExample2/webapi/cal/sub/12/14 HTTP/1.1" 200 2
0:0:0:0:0:0:0:1 - - [17/Jan/2022:12:08:13 +0530] "GET /RestClientExample/calc.jsp?firstNo=12&secondNo=14 HTTP/1.1" 200 466
127.0.0.1 - - [17/Jan/2022:12:18:45 +0530] "GET / HTTP/1.1" 404 751
0:0:0:0:0:0:0:1 - - [17/Jan/2022:12:18:45 +0530] "GET /EmployeeService/ HTTP/1.1" 200 247
0:0:0:0:0:0:0:1 - - [17/Jan/2022:12:19:02 +0530] "GET /EmployeeService/webapi/employService HTTP/1.1" 200 659
127.0.0.1 - - [17/Jan/2022:12:40:53 +0530] "GET /EmployeeService/webapi/employService HTTP/1.1" 406 846
0:0:0:0:0:0:0:1 - - [17/Jan/2022:12:40:53 +0530] "GET /RestClientExample/EmpoyTable.jsp HTTP/1.1" 500 2448
0:0:0:0:0:0:0:1 - - [17/Jan/2022:12:42:03 +0530] "GET /EmployeeService/ HTTP/1.1" 200 247
0:0:0:0:0:0:0:1 - - [17/Jan/2022:12:43:28 +0530] "GET /EmployeeService/webapi/employService HTTP/1.1" 200 659
127.0.0.1 - - [17/Jan/2022:12:44:05 +0530] "GET /EmployeeService/webapi/employService HTTP/1.1" 406 846
0:0:0:0:0:0:0:1 - - [17/Jan/2022:12:44:05 +0530] "GET /RestClientExample/EmpoyTable.jsp HTTP/1.1" 500 2448
127.0.0.1 - - [17/Jan/2022:12:44:53 +0530] "GET /EmployeeService/webapi/employService HTTP/1.1" 406 846
0:0:0:0:0:0:0:1 - - [17/Jan/2022:12:44:53 +0530] "GET /RestClientExample/EmpoyTable.jsp HTTP/1.1" 500 2387
127.0.0.1 - - [17/Jan/2022:12:47:00 +0530] "GET /EmployeeService/webapi/employService/ HTTP/1.1" 200 659
0:0:0:0:0:0:0:1 - - [17/Jan/2022:12:47:00 +0530] "GET /RestClientExample/EmpoyTable.jsp HTTP/1.1" 200 1350
127.0.0.1 - - [17/Jan/2022:12:51:31 +0530] "GET /EmployeeService/webapi/employService/ HTTP/1.1" 406 846
0:0:0:0:0:0:0:1 - - [17/Jan/2022:12:51:31 +0530] "GET /RestClientExample/EmpoyTable.jsp HTTP/1.1" 500 2387
127.0.0.1 - - [17/Jan/2022:12:52:07 +0530] "GET /EmployeeService/webapi/employService/ HTTP/1.1" 200 659
0:0:0:0:0:0:0:1 - - [17/Jan/2022:12:52:07 +0530] "GET /RestClientExample/EmpoyTable.jsp HTTP/1.1" 200 1350
127.0.0.1 - - [17/Jan/2022:12:53:51 +0530] "GET / HTTP/1.1" 404 751
0:0:0:0:0:0:0:1 - - [17/Jan/2022:12:53:52 +0530] "GET /EmployeeService/ HTTP/1.1" 200 247
0:0:0:0:0:0:0:1 - - [17/Jan/2022:12:53:59 +0530] "GET /EmployeeService/webapi/employService HTTP/1.1" 200 1026
127.0.0.1 - - [17/Jan/2022:12:54:51 +0530] "GET / HTTP/1.1" 404 751
0:0:0:0:0:0:0:1 - - [17/Jan/2022:12:54:51 +0530] "GET /EmployeeService/ HTTP/1.1" 200 247
0:0:0:0:0:0:0:1 - - [17/Jan/2022:12:54:59 +0530] "GET /EmployeeService/webapi/employService HTTP/1.1" 200 1026
127.0.0.1 - - [17/Jan/2022:12:55:42 +0530] "GET /EmployeeService/webapi/employService/ HTTP/1.1" 200 1026
0:0:0:0:0:0:0:1 - - [17/Jan/2022:12:55:43 +0530] "GET /RestClientExample/EmpoyTable.jsp HTTP/1.1" 500 3079
127.0.0.1 - - [17/Jan/2022:13:35:37 +0530] "GET / HTTP/1.1" 404 751
0:0:0:0:0:0:0:1 - - [17/Jan/2022:13:35:37 +0530] "GET /EmployeeService/ HTTP/1.1" 200 247
0:0:0:0:0:0:0:1 - - [17/Jan/2022:13:35:47 +0530] "GET /EmployeeService/webapi/employService HTTP/1.1" 200 659
127.0.0.1 - - [17/Jan/2022:13:36:01 +0530] "GET /EmployeeService/webapi/employService/ HTTP/1.1" 200 659
0:0:0:0:0:0:0:1 - - [17/Jan/2022:13:36:01 +0530] "GET /RestClientExample/EmpoyTable.jsp HTTP/1.1" 200 1350
0:0:0:0:0:0:0:1 - - [17/Jan/2022:13:40:31 +0530] "GET /AgentWebService/ HTTP/1.1" 200 247
0:0:0:0:0:0:0:1 - - [17/Jan/2022:13:40:37 +0530] "GET /AgentWebService/webapi/agentService HTTP/1.1" 200 407
127.0.0.1 - - [17/Jan/2022:13:49:49 +0530] "GET / HTTP/1.1" 404 751
127.0.0.1 - - [17/Jan/2022:13:49:52 +0530] "GET /AgentWebService/webapi/agentService/ HTTP/1.1" 200 407
0:0:0:0:0:0:0:1 - - [17/Jan/2022:13:49:52 +0530] "GET /RestClientExample/AgentTable.jsp HTTP/1.1" 200 916
127.0.0.1 - - [17/Jan/2022:14:03:06 +0530] "GET / HTTP/1.1" 404 751
127.0.0.1 - - [17/Jan/2022:14:03:07 +0530] "GET /AgentWebService/webapi/agentService/ HTTP/1.1" 200 407
0:0:0:0:0:0:0:1 - - [17/Jan/2022:14:03:08 +0530] "GET /RestClientExample/AgentTable.jsp HTTP/1.1" 200 916
0:0:0:0:0:0:0:1 - - [17/Jan/2022:15:15:27 +0530] "GET /AgentWebService/ HTTP/1.1" 200 247
0:0:0:0:0:0:0:1 - - [17/Jan/2022:15:15:34 +0530] "GET /AgentWebService/webapi/agentService HTTP/1.1" 200 407
0:0:0:0:0:0:0:1 - - [17/Jan/2022:15:17:11 +0530] "GET /RestClientExample/AgentSearch.jsp HTTP/1.1" 200 344
127.0.0.1 - - [17/Jan/2022:15:17:16 +0530] "GET /AgentWebService/webapi/agentService/8 HTTP/1.1" 200 102
0:0:0:0:0:0:0:1 - - [17/Jan/2022:15:17:16 +0530] "GET /RestClientExample/AgentSearch.jsp?agentId=8 HTTP/1.1" 200 470
127.0.0.1 - - [17/Jan/2022:15:23:28 +0530] "GET /AgentWebService/webapi/agentService/8 HTTP/1.1" 200 102
0:0:0:0:0:0:0:1 - - [17/Jan/2022:15:23:28 +0530] "GET /RestClientExample/AgentSearch.jsp?agentId=8 HTTP/1.1" 200 500
127.0.0.1 - - [17/Jan/2022:15:24:01 +0530] "GET /AgentWebService/webapi/agentService/8 HTTP/1.1" 200 102
0:0:0:0:0:0:0:1 - - [17/Jan/2022:15:24:01 +0530] "GET /RestClientExample/AgentSearch.jsp?agentId=8 HTTP/1.1" 200 500
127.0.0.1 - - [17/Jan/2022:15:24:02 +0530] "GET /AgentWebService/webapi/agentService/8 HTTP/1.1" 200 102
0:0:0:0:0:0:0:1 - - [17/Jan/2022:15:24:02 +0530] "GET /RestClientExample/AgentSearch.jsp?agentId=8 HTTP/1.1" 200 500
127.0.0.1 - - [17/Jan/2022:15:24:07 +0530] "GET /AgentWebService/webapi/agentService/8 HTTP/1.1" 200 102
0:0:0:0:0:0:0:1 - - [17/Jan/2022:15:24:07 +0530] "GET /RestClientExample/AgentSearch.jsp?agentId=8 HTTP/1.1" 200 500
0:0:0:0:0:0:0:1 - - [17/Jan/2022:15:24:16 +0530] "GET /RestClientExample/AgentSearch.jsp HTTP/1.1" 200 344
127.0.0.1 - - [17/Jan/2022:15:24:21 +0530] "GET /AgentWebService/webapi/agentService/9 HTTP/1.1" 200 96
0:0:0:0:0:0:0:1 - - [17/Jan/2022:15:24:21 +0530] "GET /RestClientExample/AgentSearch.jsp?agentId=9 HTTP/1.1" 200 517
127.0.0.1 - - [17/Jan/2022:17:17:31 +0530] "GET / HTTP/1.1" 404 751
0:0:0:0:0:0:0:1 - - [17/Jan/2022:17:17:31 +0530] "GET /EmployeeService/ HTTP/1.1" 200 247
0:0:0:0:0:0:0:1 - - [17/Jan/2022:17:17:40 +0530] "GET /EmployeeService/webapi/employService HTTP/1.1" 200 659
127.0.0.1 - - [17/Jan/2022:17:18:00 +0530] "GET /AgentWebService/webapi/agentService/ HTTP/1.1" 200 407
0:0:0:0:0:0:0:1 - - [17/Jan/2022:17:18:00 +0530] "GET /RestClientExample/AgentTable.jsp HTTP/1.1" 200 916
